[1.569s] Invoking command in '/home/srikrishna/motion_planning_project/ros2_ws/build/controls_pkg': DEBUGINFOD_URLS=https://debuginfod.ubuntu.com PS1=(.venv) \[\e]0;\u@\h: \w\a\]${debian_chroot:+($debian_chroot)}\[\033[01;32m\]\u@\h\[\033[00m\]:\[\033[01;34m\]\w\[\033[00m\]\$ PYTHONPATH=/home/srikrishna/motion_planning_project/ros2_ws/build/controls_pkg/prefix_override:/usr/lib/python3/dist-packages/colcon_core/task/python/colcon_distutils_commands:/home/srikrishna/motion_planning_project/ros2_ws/install/controls_pkg/lib/python3.12/site-packages:${PYTHONPATH} VIRTUAL_ENV_PROMPT=(.venv) /usr/bin/python3 -W ignore:setup.py install is deprecated -W ignore:easy_install command is deprecated setup.py develop --editable --build-directory /home/srikrishna/motion_planning_project/ros2_ws/build/controls_pkg/build --no-deps symlink_data --force
[1.987s] running develop
[2.207s] running egg_info
[2.231s] writing controls_pkg.egg-info/PKG-INFO
[2.232s] writing dependency_links to controls_pkg.egg-info/dependency_links.txt
[2.232s] writing entry points to controls_pkg.egg-info/entry_points.txt
[2.233s] writing requirements to controls_pkg.egg-info/requires.txt
[2.233s] writing top-level names to controls_pkg.egg-info/top_level.txt
[2.278s] reading manifest file 'controls_pkg.egg-info/SOURCES.txt'
[2.279s] writing manifest file 'controls_pkg.egg-info/SOURCES.txt'
[2.319s] running build_ext
[2.319s] Creating /home/srikrishna/motion_planning_project/ros2_ws/install/controls_pkg/lib/python3.12/site-packages/controls-pkg.egg-link (link to .)
[2.319s] Installing path_error_logger script to /home/srikrishna/motion_planning_project/ros2_ws/install/controls_pkg/lib/controls_pkg
[2.319s] Installing path_publisher script to /home/srikrishna/motion_planning_project/ros2_ws/install/controls_pkg/lib/controls_pkg
[2.320s] Installing pid_controller script to /home/srikrishna/motion_planning_project/ros2_ws/install/controls_pkg/lib/controls_pkg
[2.320s] Installing pure_pursuit_controller script to /home/srikrishna/motion_planning_project/ros2_ws/install/controls_pkg/lib/controls_pkg
[2.320s] Installing rl_controller script to /home/srikrishna/motion_planning_project/ros2_ws/install/controls_pkg/lib/controls_pkg
[2.320s] Installing stanley_controller script to /home/srikrishna/motion_planning_project/ros2_ws/install/controls_pkg/lib/controls_pkg
[2.320s] 
[2.320s] Installed /home/srikrishna/motion_planning_project/ros2_ws/build/controls_pkg
[2.320s] running symlink_data
[2.320s] symbolically linking /home/srikrishna/motion_planning_project/ros2_ws/build/controls_pkg/resource/controls_pkg -> /home/srikrishna/motion_planning_project/ros2_ws/install/controls_pkg/share/ament_index/resource_index/packages
[2.320s] symbolically linking /home/srikrishna/motion_planning_project/ros2_ws/build/controls_pkg/package.xml -> /home/srikrishna/motion_planning_project/ros2_ws/install/controls_pkg/share/controls_pkg
[2.372s] Invoked command in '/home/srikrishna/motion_planning_project/ros2_ws/build/controls_pkg' returned '0': DEBUGINFOD_URLS=https://debuginfod.ubuntu.com PS1=(.venv) \[\e]0;\u@\h: \w\a\]${debian_chroot:+($debian_chroot)}\[\033[01;32m\]\u@\h\[\033[00m\]:\[\033[01;34m\]\w\[\033[00m\]\$ PYTHONPATH=/home/srikrishna/motion_planning_project/ros2_ws/build/controls_pkg/prefix_override:/usr/lib/python3/dist-packages/colcon_core/task/python/colcon_distutils_commands:/home/srikrishna/motion_planning_project/ros2_ws/install/controls_pkg/lib/python3.12/site-packages:${PYTHONPATH} VIRTUAL_ENV_PROMPT=(.venv) /usr/bin/python3 -W ignore:setup.py install is deprecated -W ignore:easy_install command is deprecated setup.py develop --editable --build-directory /home/srikrishna/motion_planning_project/ros2_ws/build/controls_pkg/build --no-deps symlink_data --force
