[0.438s] DEBUG:colcon:Command line arguments: ['/usr/lib/python3/dist-packages/colcon/__main__.py', 'build', '--packages-select', 'controls_pkg', '--symlink-install']
[0.438s] DEBUG:colcon:Parsed command line arguments: Namespace(log_base=None, log_level=None, verb_name='build', build_base='build', install_base='install', merge_install=False, symlink_install=True, test_result_base=None, continue_on_error=False, executor='parallel', parallel_workers=20, event_handlers=None, ignore_user_meta=False, metas=['./colcon.meta'], base_paths=['.'], packages_ignore=None, packages_ignore_regex=None, paths=None, packages_up_to=None, packages_up_to_regex=None, packages_above=None, packages_above_and_dependencies=None, packages_above_depth=None, packages_select_by_dep=None, packages_skip_by_dep=None, packages_skip_up_to=None, packages_select_build_failed=False, packages_skip_build_finished=False, packages_select_test_failures=False, packages_skip_test_passed=False, packages_select=['controls_pkg'], packages_skip=None, packages_select_regex=None, packages_skip_regex=None, packages_start=None, packages_end=None, cmake_args=None, cmake_target=None, cmake_target_skip_unavailable=False, cmake_clean_cache=False, cmake_clean_first=False, cmake_force_configure=False, ament_cmake_args=None, catkin_cmake_args=None, catkin_skip_building_tests=False, verb_parser=<colcon_defaults.argument_parser.defaults.DefaultArgumentsDecorator object at 0x7ed900b9cb00>, verb_extension=<colcon_core.verb.build.BuildVerb object at 0x7ed900cb5100>, main=<bound method BuildVerb.main of <colcon_core.verb.build.BuildVerb object at 0x7ed900cb5100>>)
[0.516s] Level 1:colcon.colcon_core.package_discovery:discover_packages(colcon_meta) check parameters
[0.517s] Level 1:colcon.colcon_core.package_discovery:discover_packages(recursive) check parameters
[0.517s] Level 1:colcon.colcon_core.package_discovery:discover_packages(ignore) check parameters
[0.517s] Level 1:colcon.colcon_core.package_discovery:discover_packages(path) check parameters
[0.517s] Level 1:colcon.colcon_core.package_discovery:discover_packages(colcon_meta) discover
[0.517s] Level 1:colcon.colcon_core.package_discovery:discover_packages(recursive) discover
[0.517s] INFO:colcon.colcon_core.package_discovery:Crawling recursively for packages in '/home/srikrishna/motion_planning_project/ros2_ws'
[0.517s] Level 1:colcon.colcon_core.package_identification:_identify(.) by extensions ['ignore', 'ignore_ament_install']
[0.517s] Level 1:colcon.colcon_core.package_identification:_identify(.) by extension 'ignore'
[0.517s] Level 1:colcon.colcon_core.package_identification:_identify(.) by extension 'ignore_ament_install'
[0.517s] Level 1:colcon.colcon_core.package_identification:_identify(.) by extensions ['colcon_pkg']
[0.517s] Level 1:colcon.colcon_core.package_identification:_identify(.) by extension 'colcon_pkg'
[0.518s] Level 1:colcon.colcon_core.package_identification:_identify(.) by extensions ['colcon_meta']
[0.518s] Level 1:colcon.colcon_core.package_identification:_identify(.) by extension 'colcon_meta'
[0.518s] Level 1:colcon.colcon_core.package_identification:_identify(.) by extensions ['ros']
[0.518s] Level 1:colcon.colcon_core.package_identification:_identify(.) by extension 'ros'
[0.549s] Level 1:colcon.colcon_core.package_identification:_identify(.) by extensions ['cmake', 'python']
[0.549s] Level 1:colcon.colcon_core.package_identification:_identify(.) by extension 'cmake'
[0.549s] Level 1:colcon.colcon_core.package_identification:_identify(.) by extension 'python'
[0.549s] Level 1:colcon.colcon_core.package_identification:_identify(.) by extensions ['python_setup_py']
[0.549s] Level 1:colcon.colcon_core.package_identification:_identify(.) by extension 'python_setup_py'
[0.549s] Level 1:colcon.colcon_core.package_identification:_identify(build) by extensions ['ignore', 'ignore_ament_install']
[0.549s] Level 1:colcon.colcon_core.package_identification:_identify(build) by extension 'ignore'
[0.549s] Level 1:colcon.colcon_core.package_identification:_identify(build) ignored
[0.550s] Level 1:colcon.colcon_core.package_identification:_identify(install) by extensions ['ignore', 'ignore_ament_install']
[0.550s] Level 1:colcon.colcon_core.package_identification:_identify(install) by extension 'ignore'
[0.550s] Level 1:colcon.colcon_core.package_identification:_identify(install) ignored
[0.550s] Level 1:colcon.colcon_core.package_identification:_identify(log) by extensions ['ignore', 'ignore_ament_install']
[0.550s] Level 1:colcon.colcon_core.package_identification:_identify(log) by extension 'ignore'
[0.550s] Level 1:colcon.colcon_core.package_identification:_identify(log) ignored
[0.550s] Level 1:colcon.colcon_core.package_identification:_identify(src) by extensions ['ignore', 'ignore_ament_install']
[0.550s] Level 1:colcon.colcon_core.package_identification:_identify(src) by extension 'ignore'
[0.550s] Level 1:colcon.colcon_core.package_identification:_identify(src) by extension 'ignore_ament_install'
[0.550s] Level 1:colcon.colcon_core.package_identification:_identify(src) by extensions ['colcon_pkg']
[0.550s] Level 1:colcon.colcon_core.package_identification:_identify(src) by extension 'colcon_pkg'
[0.550s] Level 1:colcon.colcon_core.package_identification:_identify(src) by extensions ['colcon_meta']
[0.550s] Level 1:colcon.colcon_core.package_identification:_identify(src) by extension 'colcon_meta'
[0.550s] Level 1:colcon.colcon_core.package_identification:_identify(src) by extensions ['ros']
[0.550s] Level 1:colcon.colcon_core.package_identification:_identify(src) by extension 'ros'
[0.550s] Level 1:colcon.colcon_core.package_identification:_identify(src) by extensions ['cmake', 'python']
[0.550s] Level 1:colcon.colcon_core.package_identification:_identify(src) by extension 'cmake'
[0.550s] Level 1:colcon.colcon_core.package_identification:_identify(src) by extension 'python'
[0.550s] Level 1:colcon.colcon_core.package_identification:_identify(src) by extensions ['python_setup_py']
[0.550s] Level 1:colcon.colcon_core.package_identification:_identify(src) by extension 'python_setup_py'
[0.550s] Level 1:colcon.colcon_core.package_identification:_identify(src/build) by extensions ['ignore', 'ignore_ament_install']
[0.551s] Level 1:colcon.colcon_core.package_identification:_identify(src/build) by extension 'ignore'
[0.551s] Level 1:colcon.colcon_core.package_identification:_identify(src/build) ignored
[0.551s] Level 1:colcon.colcon_core.package_identification:_identify(src/controls_pkg) by extensions ['ignore', 'ignore_ament_install']
[0.551s] Level 1:colcon.colcon_core.package_identification:_identify(src/controls_pkg) by extension 'ignore'
[0.551s] Level 1:colcon.colcon_core.package_identification:_identify(src/controls_pkg) by extension 'ignore_ament_install'
[0.551s] Level 1:colcon.colcon_core.package_identification:_identify(src/controls_pkg) by extensions ['colcon_pkg']
[0.551s] Level 1:colcon.colcon_core.package_identification:_identify(src/controls_pkg) by extension 'colcon_pkg'
[0.551s] Level 1:colcon.colcon_core.package_identification:_identify(src/controls_pkg) by extensions ['colcon_meta']
[0.551s] Level 1:colcon.colcon_core.package_identification:_identify(src/controls_pkg) by extension 'colcon_meta'
[0.551s] Level 1:colcon.colcon_core.package_identification:_identify(src/controls_pkg) by extensions ['ros']
[0.551s] Level 1:colcon.colcon_core.package_identification:_identify(src/controls_pkg) by extension 'ros'
[0.554s] DEBUG:colcon.colcon_core.package_identification:Package 'src/controls_pkg' with type 'ros.ament_python' and name 'controls_pkg'
[0.554s] Level 1:colcon.colcon_core.package_identification:_identify(src/install) by extensions ['ignore', 'ignore_ament_install']
[0.554s] Level 1:colcon.colcon_core.package_identification:_identify(src/install) by extension 'ignore'
[0.554s] Level 1:colcon.colcon_core.package_identification:_identify(src/install) ignored
[0.555s] Level 1:colcon.colcon_core.package_identification:_identify(src/log) by extensions ['ignore', 'ignore_ament_install']
[0.555s] Level 1:colcon.colcon_core.package_identification:_identify(src/log) by extension 'ignore'
[0.555s] Level 1:colcon.colcon_core.package_identification:_identify(src/log) ignored
[0.555s] Level 1:colcon.colcon_core.package_discovery:discover_packages(recursive) using defaults
[0.555s] Level 1:colcon.colcon_core.package_discovery:discover_packages(ignore) discover
[0.555s] Level 1:colcon.colcon_core.package_discovery:discover_packages(ignore) using defaults
[0.555s] Level 1:colcon.colcon_core.package_discovery:discover_packages(path) discover
[0.555s] Level 1:colcon.colcon_core.package_discovery:discover_packages(path) using defaults
[0.589s] Level 5:colcon.colcon_core.verb:set package 'controls_pkg' build argument 'cmake_args' from command line to 'None'
[0.589s] Level 5:colcon.colcon_core.verb:set package 'controls_pkg' build argument 'cmake_target' from command line to 'None'
[0.589s] Level 5:colcon.colcon_core.verb:set package 'controls_pkg' build argument 'cmake_target_skip_unavailable' from command line to 'False'
[0.589s] Level 5:colcon.colcon_core.verb:set package 'controls_pkg' build argument 'cmake_clean_cache' from command line to 'False'
[0.589s] Level 5:colcon.colcon_core.verb:set package 'controls_pkg' build argument 'cmake_clean_first' from command line to 'False'
[0.589s] Level 5:colcon.colcon_core.verb:set package 'controls_pkg' build argument 'cmake_force_configure' from command line to 'False'
[0.589s] Level 5:colcon.colcon_core.verb:set package 'controls_pkg' build argument 'ament_cmake_args' from command line to 'None'
[0.590s] Level 5:colcon.colcon_core.verb:set package 'controls_pkg' build argument 'catkin_cmake_args' from command line to 'None'
[0.590s] Level 5:colcon.colcon_core.verb:set package 'controls_pkg' build argument 'catkin_skip_building_tests' from command line to 'False'
[0.590s] DEBUG:colcon.colcon_core.verb:Building package 'controls_pkg' with the following arguments: {'ament_cmake_args': None, 'build_base': '/home/srikrishna/motion_planning_project/ros2_ws/build/controls_pkg', 'catkin_cmake_args': None, 'catkin_skip_building_tests': False, 'cmake_args': None, 'cmake_clean_cache': False, 'cmake_clean_first': False, 'cmake_force_configure': False, 'cmake_target': None, 'cmake_target_skip_unavailable': False, 'install_base': '/home/srikrishna/motion_planning_project/ros2_ws/install/controls_pkg', 'merge_install': False, 'path': '/home/srikrishna/motion_planning_project/ros2_ws/src/controls_pkg', 'symlink_install': True, 'test_result_base': None}
[0.590s] INFO:colcon.colcon_core.executor:Executing jobs using 'parallel' executor
[0.591s] DEBUG:colcon.colcon_parallel_executor.executor.parallel:run_until_complete
[0.592s] INFO:colcon.colcon_ros.task.ament_python.build:Building ROS package in '/home/srikrishna/motion_planning_project/ros2_ws/src/controls_pkg' with build type 'ament_python'
[0.592s] Level 1:colcon.colcon_core.shell:create_environment_hook('controls_pkg', 'ament_prefix_path')
[0.595s] INFO:colcon.colcon_core.plugin_system:Skipping extension 'colcon_core.shell.bat': Not used on non-Windows systems
[0.596s] INFO:colcon.colcon_core.shell:Creating environment hook '/home/srikrishna/motion_planning_project/ros2_ws/install/controls_pkg/share/controls_pkg/hook/ament_prefix_path.ps1'
[0.598s] INFO:colcon.colcon_core.shell:Creating environment descriptor '/home/srikrishna/motion_planning_project/ros2_ws/install/controls_pkg/share/controls_pkg/hook/ament_prefix_path.dsv'
[0.598s] INFO:colcon.colcon_core.shell:Creating environment hook '/home/srikrishna/motion_planning_project/ros2_ws/install/controls_pkg/share/controls_pkg/hook/ament_prefix_path.sh'
[0.599s] INFO:colcon.colcon_core.shell:Skip shell extension 'powershell' for command environment: Not usable outside of PowerShell
[0.599s] DEBUG:colcon.colcon_core.shell:Skip shell extension 'dsv' for command environment
[0.905s] INFO:colcon.colcon_core.task.python.build:Building Python package in '/home/srikrishna/motion_planning_project/ros2_ws/src/controls_pkg'
[0.905s] INFO:colcon.colcon_core.shell:Skip shell extension 'powershell' for command environment: Not usable outside of PowerShell
[0.905s] DEBUG:colcon.colcon_core.shell:Skip shell extension 'dsv' for command environment
[1.608s] DEBUG:colcon.colcon_core.task.python.build:Available setuptools commands: extract_messages, init_catalog, install_egg_info, alias, bdist_rpm, rotate, install, install_lib, check, build_py, clean, develop, symlink_data, bdist_dumb, build, egg_info, install_data, build_scripts, easy_install, build_clib, build_ext, compile_catalog, dist_info, bdist_egg, install_scripts, saveopts, setopt, editable_wheel, install_headers, bdist_wheel, update_catalog, sdist, bdist
[2.042s] DEBUG:colcon.colcon_core.task.python.build:Available setuptools 'develop' options: --uninstall, --multi-version, --help, --user, --editable, --optimize, --verbose, --always-copy, --site-dirs, --install-dir, --build-directory, --allow-hosts, --exclude-scripts, --find-links, --zip-ok, --record, --upgrade, --no-deps, --always-unzip, --version, --index-url, --local-snapshots-ok, --no-user-cfg, --script-dir, --egg-path, --prefix, --no-find-links, --dry-run, --quiet
[2.047s] DEBUG:colcon.colcon_core.event_handler.log_command:Invoking command in '/home/srikrishna/motion_planning_project/ros2_ws/build/controls_pkg': DEBUGINFOD_URLS=https://debuginfod.ubuntu.com PS1=(.venv) \[\e]0;\u@\h: \w\a\]${debian_chroot:+($debian_chroot)}\[\033[01;32m\]\u@\h\[\033[00m\]:\[\033[01;34m\]\w\[\033[00m\]\$ PYTHONPATH=/home/srikrishna/motion_planning_project/ros2_ws/build/controls_pkg/prefix_override:/usr/lib/python3/dist-packages/colcon_core/task/python/colcon_distutils_commands:/home/srikrishna/motion_planning_project/ros2_ws/install/controls_pkg/lib/python3.12/site-packages:${PYTHONPATH} VIRTUAL_ENV_PROMPT=(.venv) /home/srikrishna/motion_planning_project/ros2_ws/.venv/bin/python -W ignore:setup.py install is deprecated -W ignore:easy_install command is deprecated setup.py develop --editable --build-directory /home/srikrishna/motion_planning_project/ros2_ws/build/controls_pkg/build --no-deps symlink_data
[2.877s] Level 1:colcon.colcon_core.shell:create_environment_hook('controls_pkg', 'pythonpath_develop')
[2.878s] INFO:colcon.colcon_core.shell:Creating environment hook '/home/srikrishna/motion_planning_project/ros2_ws/build/controls_pkg/share/controls_pkg/hook/pythonpath_develop.ps1'
[2.879s] INFO:colcon.colcon_core.shell:Creating environment descriptor '/home/srikrishna/motion_planning_project/ros2_ws/build/controls_pkg/share/controls_pkg/hook/pythonpath_develop.dsv'
[2.880s] INFO:colcon.colcon_core.shell:Creating environment hook '/home/srikrishna/motion_planning_project/ros2_ws/build/controls_pkg/share/controls_pkg/hook/pythonpath_develop.sh'
[2.882s] DEBUG:colcon.colcon_core.event_handler.log_command:Invoked command in '/home/srikrishna/motion_planning_project/ros2_ws/build/controls_pkg' returned '0': DEBUGINFOD_URLS=https://debuginfod.ubuntu.com PS1=(.venv) \[\e]0;\u@\h: \w\a\]${debian_chroot:+($debian_chroot)}\[\033[01;32m\]\u@\h\[\033[00m\]:\[\033[01;34m\]\w\[\033[00m\]\$ PYTHONPATH=/home/srikrishna/motion_planning_project/ros2_ws/build/controls_pkg/prefix_override:/usr/lib/python3/dist-packages/colcon_core/task/python/colcon_distutils_commands:/home/srikrishna/motion_planning_project/ros2_ws/install/controls_pkg/lib/python3.12/site-packages:${PYTHONPATH} VIRTUAL_ENV_PROMPT=(.venv) /home/srikrishna/motion_planning_project/ros2_ws/.venv/bin/python -W ignore:setup.py install is deprecated -W ignore:easy_install command is deprecated setup.py develop --editable --build-directory /home/srikrishna/motion_planning_project/ros2_ws/build/controls_pkg/build --no-deps symlink_data
[2.888s] Level 1:colcon.colcon_core.environment:checking '/home/srikrishna/motion_planning_project/ros2_ws/install/controls_pkg' for CMake module files
[2.889s] Level 1:colcon.colcon_core.environment:checking '/home/srikrishna/motion_planning_project/ros2_ws/install/controls_pkg' for CMake config files
[2.890s] Level 1:colcon.colcon_core.environment:checking '/home/srikrishna/motion_planning_project/ros2_ws/install/controls_pkg/lib'
[2.891s] Level 1:colcon.colcon_core.environment:checking '/home/srikrishna/motion_planning_project/ros2_ws/install/controls_pkg/bin'
[2.891s] Level 1:colcon.colcon_core.environment:checking '/home/srikrishna/motion_planning_project/ros2_ws/install/controls_pkg/lib/pkgconfig/controls_pkg.pc'
[2.891s] Level 1:colcon.colcon_core.environment:checking '/home/srikrishna/motion_planning_project/ros2_ws/install/controls_pkg/lib/python3.12/site-packages'
[2.891s] Level 1:colcon.colcon_core.shell:create_environment_hook('controls_pkg', 'pythonpath')
[2.892s] INFO:colcon.colcon_core.shell:Creating environment hook '/home/srikrishna/motion_planning_project/ros2_ws/install/controls_pkg/share/controls_pkg/hook/pythonpath.ps1'
[2.892s] INFO:colcon.colcon_core.shell:Creating environment descriptor '/home/srikrishna/motion_planning_project/ros2_ws/install/controls_pkg/share/controls_pkg/hook/pythonpath.dsv'
[2.893s] INFO:colcon.colcon_core.shell:Creating environment hook '/home/srikrishna/motion_planning_project/ros2_ws/install/controls_pkg/share/controls_pkg/hook/pythonpath.sh'
[2.893s] Level 1:colcon.colcon_core.environment:checking '/home/srikrishna/motion_planning_project/ros2_ws/install/controls_pkg/bin'
[2.893s] Level 1:colcon.colcon_core.environment:create_environment_scripts_only(controls_pkg)
[2.894s] INFO:colcon.colcon_core.shell:Creating package script '/home/srikrishna/motion_planning_project/ros2_ws/install/controls_pkg/share/controls_pkg/package.ps1'
[2.895s] INFO:colcon.colcon_core.shell:Creating package descriptor '/home/srikrishna/motion_planning_project/ros2_ws/install/controls_pkg/share/controls_pkg/package.dsv'
[2.895s] INFO:colcon.colcon_core.shell:Creating package script '/home/srikrishna/motion_planning_project/ros2_ws/install/controls_pkg/share/controls_pkg/package.sh'
[2.896s] INFO:colcon.colcon_core.shell:Creating package script '/home/srikrishna/motion_planning_project/ros2_ws/install/controls_pkg/share/controls_pkg/package.bash'
[2.897s] INFO:colcon.colcon_core.shell:Creating package script '/home/srikrishna/motion_planning_project/ros2_ws/install/controls_pkg/share/controls_pkg/package.zsh'
[2.897s] Level 1:colcon.colcon_core.environment:create_file_with_runtime_dependencies(/home/srikrishna/motion_planning_project/ros2_ws/install/controls_pkg/share/colcon-core/packages/controls_pkg)
[2.899s] DEBUG:colcon.colcon_parallel_executor.executor.parallel:closing loop
[2.899s] DEBUG:colcon.colcon_parallel_executor.executor.parallel:loop closed
[2.899s] DEBUG:colcon.colcon_parallel_executor.executor.parallel:run_until_complete finished with '0'
[2.899s] DEBUG:colcon.colcon_core.event_reactor:joining thread
[3.037s] INFO:colcon.colcon_core.plugin_system:Skipping extension 'colcon_notification.desktop_notification.notify_send': Could not find 'notify-send'
[3.037s] INFO:colcon.colcon_core.plugin_system:Skipping extension 'colcon_notification.desktop_notification.terminal_notifier': Not used on non-Darwin systems
[3.037s] INFO:colcon.colcon_core.plugin_system:Skipping extension 'colcon_notification.desktop_notification.win32': Not used on non-Windows systems
[3.037s] INFO:colcon.colcon_notification.desktop_notification:Sending desktop notification using 'notify2'
[3.040s] DEBUG:colcon.colcon_notification.desktop_notification.notify2:Failed to initialize notify2: org.freedesktop.DBus.Error.ServiceUnknown: The name org.freedesktop.Notifications was not provided by any .service files
[3.040s] DEBUG:colcon.colcon_core.event_reactor:joined thread
[3.041s] INFO:colcon.colcon_core.shell:Creating prefix script '/home/srikrishna/motion_planning_project/ros2_ws/install/local_setup.ps1'
[3.042s] INFO:colcon.colcon_core.shell:Creating prefix util module '/home/srikrishna/motion_planning_project/ros2_ws/install/_local_setup_util_ps1.py'
[3.043s] INFO:colcon.colcon_core.shell:Creating prefix chain script '/home/srikrishna/motion_planning_project/ros2_ws/install/setup.ps1'
[3.044s] INFO:colcon.colcon_core.shell:Creating prefix script '/home/srikrishna/motion_planning_project/ros2_ws/install/local_setup.sh'
[3.045s] INFO:colcon.colcon_core.shell:Creating prefix util module '/home/srikrishna/motion_planning_project/ros2_ws/install/_local_setup_util_sh.py'
[3.045s] INFO:colcon.colcon_core.shell:Creating prefix chain script '/home/srikrishna/motion_planning_project/ros2_ws/install/setup.sh'
[3.046s] INFO:colcon.colcon_core.shell:Creating prefix script '/home/srikrishna/motion_planning_project/ros2_ws/install/local_setup.bash'
[3.047s] INFO:colcon.colcon_core.shell:Creating prefix chain script '/home/srikrishna/motion_planning_project/ros2_ws/install/setup.bash'
[3.047s] INFO:colcon.colcon_core.shell:Creating prefix script '/home/srikrishna/motion_planning_project/ros2_ws/install/local_setup.zsh'
[3.048s] INFO:colcon.colcon_core.shell:Creating prefix chain script '/home/srikrishna/motion_planning_project/ros2_ws/install/setup.zsh'
