/home/srikrishna/motion_planning_project/ros2_ws/src/install/controls_pkg/lib/python3.12/site-packages/controls_pkg/mpc.py
/home/srikrishna/motion_planning_project/ros2_ws/src/install/controls_pkg/lib/python3.12/site-packages/controls_pkg/path_error_logger.py
/home/srikrishna/motion_planning_project/ros2_ws/src/install/controls_pkg/lib/python3.12/site-packages/controls_pkg/run_experiment.py
/home/srikrishna/motion_planning_project/ros2_ws/src/install/controls_pkg/lib/python3.12/site-packages/controls_pkg/pure_pursuit_controller.py
/home/srikrishna/motion_planning_project/ros2_ws/src/install/controls_pkg/lib/python3.12/site-packages/controls_pkg/__init__.py
/home/srikrishna/motion_planning_project/ros2_ws/src/install/controls_pkg/lib/python3.12/site-packages/controls_pkg/path_publisher.py
/home/srikrishna/motion_planning_project/ros2_ws/src/install/controls_pkg/lib/python3.12/site-packages/controls_pkg/stanley_controller.py
/home/srikrishna/motion_planning_project/ros2_ws/src/install/controls_pkg/lib/python3.12/site-packages/controls_pkg/p_controller.py
/home/srikrishna/motion_planning_project/ros2_ws/src/install/controls_pkg/lib/python3.12/site-packages/controls_pkg/__pycache__/mpc.cpython-312.pyc
/home/srikrishna/motion_planning_project/ros2_ws/src/install/controls_pkg/lib/python3.12/site-packages/controls_pkg/__pycache__/path_error_logger.cpython-312.pyc
/home/srikrishna/motion_planning_project/ros2_ws/src/install/controls_pkg/lib/python3.12/site-packages/controls_pkg/__pycache__/run_experiment.cpython-312.pyc
/home/srikrishna/motion_planning_project/ros2_ws/src/install/controls_pkg/lib/python3.12/site-packages/controls_pkg/__pycache__/pure_pursuit_controller.cpython-312.pyc
/home/srikrishna/motion_planning_project/ros2_ws/src/install/controls_pkg/lib/python3.12/site-packages/controls_pkg/__pycache__/__init__.cpython-312.pyc
/home/srikrishna/motion_planning_project/ros2_ws/src/install/controls_pkg/lib/python3.12/site-packages/controls_pkg/__pycache__/path_publisher.cpython-312.pyc
/home/srikrishna/motion_planning_project/ros2_ws/src/install/controls_pkg/lib/python3.12/site-packages/controls_pkg/__pycache__/stanley_controller.cpython-312.pyc
/home/srikrishna/motion_planning_project/ros2_ws/src/install/controls_pkg/lib/python3.12/site-packages/controls_pkg/__pycache__/p_controller.cpython-312.pyc
/home/srikrishna/motion_planning_project/ros2_ws/src/install/controls_pkg/share/ament_index/resource_index/packages/controls_pkg
/home/srikrishna/motion_planning_project/ros2_ws/src/install/controls_pkg/share/controls_pkg/package.xml
/home/srikrishna/motion_planning_project/ros2_ws/src/install/controls_pkg/share/controls_pkg/models
/home/srikrishna/motion_planning_project/ros2_ws/src/install/controls_pkg/lib/python3.12/site-packages/controls_pkg-0.0.0-py3.12.egg-info/entry_points.txt
/home/srikrishna/motion_planning_project/ros2_ws/src/install/controls_pkg/lib/python3.12/site-packages/controls_pkg-0.0.0-py3.12.egg-info/requires.txt
/home/srikrishna/motion_planning_project/ros2_ws/src/install/controls_pkg/lib/python3.12/site-packages/controls_pkg-0.0.0-py3.12.egg-info/PKG-INFO
/home/srikrishna/motion_planning_project/ros2_ws/src/install/controls_pkg/lib/python3.12/site-packages/controls_pkg-0.0.0-py3.12.egg-info/dependency_links.txt
/home/srikrishna/motion_planning_project/ros2_ws/src/install/controls_pkg/lib/python3.12/site-packages/controls_pkg-0.0.0-py3.12.egg-info/top_level.txt
/home/srikrishna/motion_planning_project/ros2_ws/src/install/controls_pkg/lib/python3.12/site-packages/controls_pkg-0.0.0-py3.12.egg-info/SOURCES.txt
/home/srikrishna/motion_planning_project/ros2_ws/src/install/controls_pkg/lib/python3.12/site-packages/controls_pkg-0.0.0-py3.12.egg-info/zip-safe
/home/srikrishna/motion_planning_project/ros2_ws/src/install/controls_pkg/lib/controls_pkg/mpc
/home/srikrishna/motion_planning_project/ros2_ws/src/install/controls_pkg/lib/controls_pkg/p_controller
/home/srikrishna/motion_planning_project/ros2_ws/src/install/controls_pkg/lib/controls_pkg/path_error_logger
/home/srikrishna/motion_planning_project/ros2_ws/src/install/controls_pkg/lib/controls_pkg/path_publisher
/home/srikrishna/motion_planning_project/ros2_ws/src/install/controls_pkg/lib/controls_pkg/pure_pursuit_controller
/home/srikrishna/motion_planning_project/ros2_ws/src/install/controls_pkg/lib/controls_pkg/rl_controller
/home/srikrishna/motion_planning_project/ros2_ws/src/install/controls_pkg/lib/controls_pkg/stanley_controller
