[0.290s] DEBUG:colcon:Command line arguments: ['/usr/bin/colcon', 'build', '--packages-select', 'controls_pkg']
[0.290s] DEBUG:colcon:Parsed command line arguments: Namespace(log_base=None, log_level=None, verb_name='build', build_base='build', install_base='install', merge_install=False, symlink_install=False, test_result_base=None, continue_on_error=False, executor='parallel', parallel_workers=20, event_handlers=None, ignore_user_meta=False, metas=['./colcon.meta'], base_paths=['.'], packages_ignore=None, packages_ignore_regex=None, paths=None, packages_up_to=None, packages_up_to_regex=None, packages_above=None, packages_above_and_dependencies=None, packages_above_depth=None, packages_select_by_dep=None, packages_skip_by_dep=None, packages_skip_up_to=None, packages_select_build_failed=False, packages_skip_build_finished=False, packages_select_test_failures=False, packages_skip_test_passed=False, packages_select=['controls_pkg'], packages_skip=None, packages_select_regex=None, packages_skip_regex=None, packages_start=None, packages_end=None, cmake_args=None, cmake_target=None, cmake_target_skip_unavailable=False, cmake_clean_cache=False, cmake_clean_first=False, cmake_force_configure=False, ament_cmake_args=None, catkin_cmake_args=None, catkin_skip_building_tests=False, verb_parser=<colcon_defaults.argument_parser.defaults.DefaultArgumentsDecorator object at 0x7bcfd0e22120>, verb_extension=<colcon_core.verb.build.BuildVerb object at 0x7bcfd0f2a240>, main=<bound method BuildVerb.main of <colcon_core.verb.build.BuildVerb object at 0x7bcfd0f2a240>>)
[0.332s] Level 1:colcon.colcon_core.package_discovery:discover_packages(colcon_meta) check parameters
[0.333s] Level 1:colcon.colcon_core.package_discovery:discover_packages(recursive) check parameters
[0.333s] Level 1:colcon.colcon_core.package_discovery:discover_packages(ignore) check parameters
[0.333s] Level 1:colcon.colcon_core.package_discovery:discover_packages(path) check parameters
[0.333s] Level 1:colcon.colcon_core.package_discovery:discover_packages(colcon_meta) discover
[0.333s] Level 1:colcon.colcon_core.package_discovery:discover_packages(recursive) discover
[0.333s] INFO:colcon.colcon_core.package_discovery:Crawling recursively for packages in '/home/srikrishna/motion_planning_project/ros2_ws/src'
[0.333s] Level 1:colcon.colcon_core.package_identification:_identify(.) by extensions ['ignore', 'ignore_ament_install']
[0.333s] Level 1:colcon.colcon_core.package_identification:_identify(.) by extension 'ignore'
[0.333s] Level 1:colcon.colcon_core.package_identification:_identify(.) by extension 'ignore_ament_install'
[0.333s] Level 1:colcon.colcon_core.package_identification:_identify(.) by extensions ['colcon_pkg']
[0.333s] Level 1:colcon.colcon_core.package_identification:_identify(.) by extension 'colcon_pkg'
[0.333s] Level 1:colcon.colcon_core.package_identification:_identify(.) by extensions ['colcon_meta']
[0.333s] Level 1:colcon.colcon_core.package_identification:_identify(.) by extension 'colcon_meta'
[0.334s] Level 1:colcon.colcon_core.package_identification:_identify(.) by extensions ['ros']
[0.334s] Level 1:colcon.colcon_core.package_identification:_identify(.) by extension 'ros'
[0.362s] Level 1:colcon.colcon_core.package_identification:_identify(.) by extensions ['cmake', 'python']
[0.362s] Level 1:colcon.colcon_core.package_identification:_identify(.) by extension 'cmake'
[0.363s] Level 1:colcon.colcon_core.package_identification:_identify(.) by extension 'python'
[0.363s] Level 1:colcon.colcon_core.package_identification:_identify(.) by extensions ['python_setup_py']
[0.363s] Level 1:colcon.colcon_core.package_identification:_identify(.) by extension 'python_setup_py'
[0.363s] Level 1:colcon.colcon_core.package_identification:_identify(build) by extensions ['ignore', 'ignore_ament_install']
[0.363s] Level 1:colcon.colcon_core.package_identification:_identify(build) by extension 'ignore'
[0.363s] Level 1:colcon.colcon_core.package_identification:_identify(build) ignored
[0.364s] Level 1:colcon.colcon_core.package_identification:_identify(controls_pkg) by extensions ['ignore', 'ignore_ament_install']
[0.364s] Level 1:colcon.colcon_core.package_identification:_identify(controls_pkg) by extension 'ignore'
[0.364s] Level 1:colcon.colcon_core.package_identification:_identify(controls_pkg) by extension 'ignore_ament_install'
[0.364s] Level 1:colcon.colcon_core.package_identification:_identify(controls_pkg) by extensions ['colcon_pkg']
[0.364s] Level 1:colcon.colcon_core.package_identification:_identify(controls_pkg) by extension 'colcon_pkg'
[0.364s] Level 1:colcon.colcon_core.package_identification:_identify(controls_pkg) by extensions ['colcon_meta']
[0.364s] Level 1:colcon.colcon_core.package_identification:_identify(controls_pkg) by extension 'colcon_meta'
[0.364s] Level 1:colcon.colcon_core.package_identification:_identify(controls_pkg) by extensions ['ros']
[0.365s] Level 1:colcon.colcon_core.package_identification:_identify(controls_pkg) by extension 'ros'
[0.368s] DEBUG:colcon.colcon_core.package_identification:Package 'controls_pkg' with type 'ros.ament_python' and name 'controls_pkg'
[0.369s] Level 1:colcon.colcon_core.package_identification:_identify(install) by extensions ['ignore', 'ignore_ament_install']
[0.369s] Level 1:colcon.colcon_core.package_identification:_identify(install) by extension 'ignore'
[0.369s] Level 1:colcon.colcon_core.package_identification:_identify(install) ignored
[0.369s] Level 1:colcon.colcon_core.package_identification:_identify(log) by extensions ['ignore', 'ignore_ament_install']
[0.369s] Level 1:colcon.colcon_core.package_identification:_identify(log) by extension 'ignore'
[0.369s] Level 1:colcon.colcon_core.package_identification:_identify(log) ignored
[0.369s] Level 1:colcon.colcon_core.package_discovery:discover_packages(recursive) using defaults
[0.369s] Level 1:colcon.colcon_core.package_discovery:discover_packages(ignore) discover
[0.369s] Level 1:colcon.colcon_core.package_discovery:discover_packages(ignore) using defaults
[0.369s] Level 1:colcon.colcon_core.package_discovery:discover_packages(path) discover
[0.369s] Level 1:colcon.colcon_core.package_discovery:discover_packages(path) using defaults
[0.392s] Level 5:colcon.colcon_core.verb:set package 'controls_pkg' build argument 'cmake_args' from command line to 'None'
[0.392s] Level 5:colcon.colcon_core.verb:set package 'controls_pkg' build argument 'cmake_target' from command line to 'None'
[0.392s] Level 5:colcon.colcon_core.verb:set package 'controls_pkg' build argument 'cmake_target_skip_unavailable' from command line to 'False'
[0.392s] Level 5:colcon.colcon_core.verb:set package 'controls_pkg' build argument 'cmake_clean_cache' from command line to 'False'
[0.392s] Level 5:colcon.colcon_core.verb:set package 'controls_pkg' build argument 'cmake_clean_first' from command line to 'False'
[0.392s] Level 5:colcon.colcon_core.verb:set package 'controls_pkg' build argument 'cmake_force_configure' from command line to 'False'
[0.392s] Level 5:colcon.colcon_core.verb:set package 'controls_pkg' build argument 'ament_cmake_args' from command line to 'None'
[0.392s] Level 5:colcon.colcon_core.verb:set package 'controls_pkg' build argument 'catkin_cmake_args' from command line to 'None'
[0.392s] Level 5:colcon.colcon_core.verb:set package 'controls_pkg' build argument 'catkin_skip_building_tests' from command line to 'False'
[0.392s] DEBUG:colcon.colcon_core.verb:Building package 'controls_pkg' with the following arguments: {'ament_cmake_args': None, 'build_base': '/home/srikrishna/motion_planning_project/ros2_ws/src/build/controls_pkg', 'catkin_cmake_args': None, 'catkin_skip_building_tests': False, 'cmake_args': None, 'cmake_clean_cache': False, 'cmake_clean_first': False, 'cmake_force_configure': False, 'cmake_target': None, 'cmake_target_skip_unavailable': False, 'install_base': '/home/srikrishna/motion_planning_project/ros2_ws/src/install/controls_pkg', 'merge_install': False, 'path': '/home/srikrishna/motion_planning_project/ros2_ws/src/controls_pkg', 'symlink_install': False, 'test_result_base': None}
[0.392s] INFO:colcon.colcon_core.executor:Executing jobs using 'parallel' executor
[0.394s] DEBUG:colcon.colcon_parallel_executor.executor.parallel:run_until_complete
[0.394s] INFO:colcon.colcon_ros.task.ament_python.build:Building ROS package in '/home/srikrishna/motion_planning_project/ros2_ws/src/controls_pkg' with build type 'ament_python'
[0.394s] Level 1:colcon.colcon_core.shell:create_environment_hook('controls_pkg', 'ament_prefix_path')
[0.399s] INFO:colcon.colcon_core.plugin_system:Skipping extension 'colcon_core.shell.bat': Not used on non-Windows systems
[0.399s] INFO:colcon.colcon_core.shell:Creating environment descriptor '/home/srikrishna/motion_planning_project/ros2_ws/src/install/controls_pkg/share/controls_pkg/hook/ament_prefix_path.dsv'
[0.400s] INFO:colcon.colcon_core.shell:Creating environment hook '/home/srikrishna/motion_planning_project/ros2_ws/src/install/controls_pkg/share/controls_pkg/hook/ament_prefix_path.sh'
[0.404s] DEBUG:colcon.colcon_core.shell:Skip shell extension 'dsv' for command environment
[0.694s] INFO:colcon.colcon_core.task.python.build:Building Python package in '/home/srikrishna/motion_planning_project/ros2_ws/src/controls_pkg'
[0.694s] DEBUG:colcon.colcon_core.shell:Skip shell extension 'dsv' for command environment
[1.444s] DEBUG:colcon.colcon_core.task.python.build:Available setuptools commands: build_scripts, build_clib, upload, build_py, build, saveopts, build_ext, register, clean, upload_docs, bdist_wheel, editable_wheel, install_data, install, rotate, compile_catalog, install_egg_info, bdist_rpm, bdist_dumb, dist_info, bdist, init_catalog, easy_install, install_scripts, sdist, install_headers, install_lib, alias, setopt, symlink_data, develop, egg_info, bdist_egg, extract_messages, test, update_catalog, check
[1.446s] DEBUG:colcon.colcon_core.event_handler.log_command:Invoking command in '/home/srikrishna/motion_planning_project/ros2_ws/src/controls_pkg': DEBUGINFOD_URLS=https://debuginfod.ubuntu.com PYTHONPATH=/home/srikrishna/motion_planning_project/ros2_ws/src/build/controls_pkg/prefix_override:/usr/lib/python3/dist-packages/colcon_core/task/python/colcon_distutils_commands:/home/srikrishna/motion_planning_project/ros2_ws/src/install/controls_pkg/lib/python3.12/site-packages:${PYTHONPATH} /usr/bin/python3 -W ignore:setup.py install is deprecated -W ignore:easy_install command is deprecated setup.py egg_info --egg-base ../build/controls_pkg build --build-base /home/srikrishna/motion_planning_project/ros2_ws/src/build/controls_pkg/build install --record /home/srikrishna/motion_planning_project/ros2_ws/src/build/controls_pkg/install.log --install-scripts $base/lib/controls_pkg --single-version-externally-managed install_data
[2.050s] DEBUG:colcon.colcon_core.event_handler.log_command:Invoked command in '/home/srikrishna/motion_planning_project/ros2_ws/src/controls_pkg' returned '0': DEBUGINFOD_URLS=https://debuginfod.ubuntu.com PYTHONPATH=/home/srikrishna/motion_planning_project/ros2_ws/src/build/controls_pkg/prefix_override:/usr/lib/python3/dist-packages/colcon_core/task/python/colcon_distutils_commands:/home/srikrishna/motion_planning_project/ros2_ws/src/install/controls_pkg/lib/python3.12/site-packages:${PYTHONPATH} /usr/bin/python3 -W ignore:setup.py install is deprecated -W ignore:easy_install command is deprecated setup.py egg_info --egg-base ../build/controls_pkg build --build-base /home/srikrishna/motion_planning_project/ros2_ws/src/build/controls_pkg/build install --record /home/srikrishna/motion_planning_project/ros2_ws/src/build/controls_pkg/install.log --install-scripts $base/lib/controls_pkg --single-version-externally-managed install_data
[2.052s] Level 1:colcon.colcon_core.environment:checking '/home/srikrishna/motion_planning_project/ros2_ws/src/install/controls_pkg' for CMake module files
[2.052s] Level 1:colcon.colcon_core.environment:checking '/home/srikrishna/motion_planning_project/ros2_ws/src/install/controls_pkg' for CMake config files
[2.053s] Level 1:colcon.colcon_core.environment:checking '/home/srikrishna/motion_planning_project/ros2_ws/src/install/controls_pkg/lib'
[2.053s] Level 1:colcon.colcon_core.environment:checking '/home/srikrishna/motion_planning_project/ros2_ws/src/install/controls_pkg/bin'
[2.053s] Level 1:colcon.colcon_core.environment:checking '/home/srikrishna/motion_planning_project/ros2_ws/src/install/controls_pkg/lib/pkgconfig/controls_pkg.pc'
[2.053s] Level 1:colcon.colcon_core.environment:checking '/home/srikrishna/motion_planning_project/ros2_ws/src/install/controls_pkg/lib/python3.12/site-packages'
[2.053s] Level 1:colcon.colcon_core.shell:create_environment_hook('controls_pkg', 'pythonpath')
[2.054s] INFO:colcon.colcon_core.shell:Creating environment descriptor '/home/srikrishna/motion_planning_project/ros2_ws/src/install/controls_pkg/share/controls_pkg/hook/pythonpath.dsv'
[2.054s] INFO:colcon.colcon_core.shell:Creating environment hook '/home/srikrishna/motion_planning_project/ros2_ws/src/install/controls_pkg/share/controls_pkg/hook/pythonpath.sh'
[2.055s] Level 1:colcon.colcon_core.environment:checking '/home/srikrishna/motion_planning_project/ros2_ws/src/install/controls_pkg/bin'
[2.055s] Level 1:colcon.colcon_core.environment:create_environment_scripts_only(controls_pkg)
[2.055s] INFO:colcon.colcon_core.shell:Creating package descriptor '/home/srikrishna/motion_planning_project/ros2_ws/src/install/controls_pkg/share/controls_pkg/package.dsv'
[2.056s] INFO:colcon.colcon_core.shell:Creating package script '/home/srikrishna/motion_planning_project/ros2_ws/src/install/controls_pkg/share/controls_pkg/package.sh'
[2.057s] INFO:colcon.colcon_core.shell:Creating package script '/home/srikrishna/motion_planning_project/ros2_ws/src/install/controls_pkg/share/controls_pkg/package.bash'
[2.057s] INFO:colcon.colcon_core.shell:Creating package script '/home/srikrishna/motion_planning_project/ros2_ws/src/install/controls_pkg/share/controls_pkg/package.zsh'
[2.058s] Level 1:colcon.colcon_core.environment:create_file_with_runtime_dependencies(/home/srikrishna/motion_planning_project/ros2_ws/src/install/controls_pkg/share/colcon-core/packages/controls_pkg)
[2.058s] DEBUG:colcon.colcon_parallel_executor.executor.parallel:closing loop
[2.059s] DEBUG:colcon.colcon_parallel_executor.executor.parallel:loop closed
[2.059s] DEBUG:colcon.colcon_parallel_executor.executor.parallel:run_until_complete finished with '0'
[2.059s] DEBUG:colcon.colcon_core.event_reactor:joining thread
[2.233s] INFO:colcon.colcon_core.plugin_system:Skipping extension 'colcon_notification.desktop_notification.notify_send': Could not find 'notify-send'
[2.234s] INFO:colcon.colcon_core.plugin_system:Skipping extension 'colcon_notification.desktop_notification.terminal_notifier': Not used on non-Darwin systems
[2.234s] INFO:colcon.colcon_core.plugin_system:Skipping extension 'colcon_notification.desktop_notification.win32': Not used on non-Windows systems
[2.234s] INFO:colcon.colcon_notification.desktop_notification:Sending desktop notification using 'notify2'
[2.235s] DEBUG:colcon.colcon_notification.desktop_notification.notify2:Failed to initialize notify2: org.freedesktop.DBus.Error.ServiceUnknown: The name org.freedesktop.Notifications was not provided by any .service files
[2.235s] DEBUG:colcon.colcon_core.event_reactor:joined thread
[2.236s] INFO:colcon.colcon_core.shell:Creating prefix script '/home/srikrishna/motion_planning_project/ros2_ws/src/install/local_setup.sh'
[2.237s] INFO:colcon.colcon_core.shell:Creating prefix util module '/home/srikrishna/motion_planning_project/ros2_ws/src/install/_local_setup_util_sh.py'
[2.238s] INFO:colcon.colcon_core.shell:Creating prefix chain script '/home/srikrishna/motion_planning_project/ros2_ws/src/install/setup.sh'
[2.240s] INFO:colcon.colcon_core.shell:Creating prefix script '/home/srikrishna/motion_planning_project/ros2_ws/src/install/local_setup.bash'
[2.241s] INFO:colcon.colcon_core.shell:Creating prefix chain script '/home/srikrishna/motion_planning_project/ros2_ws/src/install/setup.bash'
[2.243s] INFO:colcon.colcon_core.shell:Creating prefix script '/home/srikrishna/motion_planning_project/ros2_ws/src/install/local_setup.zsh'
[2.243s] INFO:colcon.colcon_core.shell:Creating prefix chain script '/home/srikrishna/motion_planning_project/ros2_ws/src/install/setup.zsh'
