[0.884s] Invoking command in '/home/srikrishna/motion_planning_project/ros2_ws/src/controls_pkg': DEBUGINFOD_URLS=https://debuginfod.ubuntu.com PYTHONPATH=/home/srikrishna/motion_planning_project/ros2_ws/build/controls_pkg/prefix_override:/usr/lib/python3/dist-packages/colcon_core/task/python/colcon_distutils_commands:/home/srikrishna/motion_planning_project/ros2_ws/install/controls_pkg/lib/python3.12/site-packages:${PYTHONPATH} /usr/bin/python3 -W ignore:setup.py install is deprecated -W ignore:easy_install command is deprecated setup.py egg_info --egg-base ../../build/controls_pkg build --build-base /home/srikrishna/motion_planning_project/ros2_ws/build/controls_pkg/build install --record /home/srikrishna/motion_planning_project/ros2_ws/build/controls_pkg/install.log --install-scripts $base/lib/controls_pkg --single-version-externally-managed install_data
[1.031s] running egg_info
[1.032s] creating ../../build/controls_pkg/controls_pkg.egg-info
[1.041s] writing ../../build/controls_pkg/controls_pkg.egg-info/PKG-INFO
[1.042s] writing dependency_links to ../../build/controls_pkg/controls_pkg.egg-info/dependency_links.txt
[1.042s] writing entry points to ../../build/controls_pkg/controls_pkg.egg-info/entry_points.txt
[1.042s] writing requirements to ../../build/controls_pkg/controls_pkg.egg-info/requires.txt
[1.042s] writing top-level names to ../../build/controls_pkg/controls_pkg.egg-info/top_level.txt
[1.042s] writing manifest file '../../build/controls_pkg/controls_pkg.egg-info/SOURCES.txt'
[1.064s] reading manifest file '../../build/controls_pkg/controls_pkg.egg-info/SOURCES.txt'
[1.065s] writing manifest file '../../build/controls_pkg/controls_pkg.egg-info/SOURCES.txt'
[1.067s] running build
[1.067s] running build_py
[1.067s] creating /home/srikrishna/motion_planning_project/ros2_ws/build/controls_pkg/build
[1.068s] creating /home/srikrishna/motion_planning_project/ros2_ws/build/controls_pkg/build/lib
[1.068s] creating /home/srikrishna/motion_planning_project/ros2_ws/build/controls_pkg/build/lib/controls_pkg
[1.068s] copying controls_pkg/pure_pursuit_controller.py -> /home/srikrishna/motion_planning_project/ros2_ws/build/controls_pkg/build/lib/controls_pkg
[1.068s] copying controls_pkg/pid_controller.py -> /home/srikrishna/motion_planning_project/ros2_ws/build/controls_pkg/build/lib/controls_pkg
[1.069s] copying controls_pkg/__init__.py -> /home/srikrishna/motion_planning_project/ros2_ws/build/controls_pkg/build/lib/controls_pkg
[1.069s] copying controls_pkg/path_publisher.py -> /home/srikrishna/motion_planning_project/ros2_ws/build/controls_pkg/build/lib/controls_pkg
[1.070s] copying controls_pkg/stanley_controller.py -> /home/srikrishna/motion_planning_project/ros2_ws/build/controls_pkg/build/lib/controls_pkg
[1.070s] running install
[1.074s] running install_lib
[1.084s] creating /home/srikrishna/motion_planning_project/ros2_ws/install/controls_pkg/lib/python3.12/site-packages/controls_pkg
[1.084s] copying /home/srikrishna/motion_planning_project/ros2_ws/build/controls_pkg/build/lib/controls_pkg/pure_pursuit_controller.py -> /home/srikrishna/motion_planning_project/ros2_ws/install/controls_pkg/lib/python3.12/site-packages/controls_pkg
[1.084s] copying /home/srikrishna/motion_planning_project/ros2_ws/build/controls_pkg/build/lib/controls_pkg/pid_controller.py -> /home/srikrishna/motion_planning_project/ros2_ws/install/controls_pkg/lib/python3.12/site-packages/controls_pkg
[1.084s] copying /home/srikrishna/motion_planning_project/ros2_ws/build/controls_pkg/build/lib/controls_pkg/__init__.py -> /home/srikrishna/motion_planning_project/ros2_ws/install/controls_pkg/lib/python3.12/site-packages/controls_pkg
[1.084s] copying /home/srikrishna/motion_planning_project/ros2_ws/build/controls_pkg/build/lib/controls_pkg/path_publisher.py -> /home/srikrishna/motion_planning_project/ros2_ws/install/controls_pkg/lib/python3.12/site-packages/controls_pkg
[1.084s] copying /home/srikrishna/motion_planning_project/ros2_ws/build/controls_pkg/build/lib/controls_pkg/stanley_controller.py -> /home/srikrishna/motion_planning_project/ros2_ws/install/controls_pkg/lib/python3.12/site-packages/controls_pkg
[1.084s] byte-compiling /home/srikrishna/motion_planning_project/ros2_ws/install/controls_pkg/lib/python3.12/site-packages/controls_pkg/pure_pursuit_controller.py to pure_pursuit_controller.cpython-312.pyc
[1.085s] byte-compiling /home/srikrishna/motion_planning_project/ros2_ws/install/controls_pkg/lib/python3.12/site-packages/controls_pkg/pid_controller.py to pid_controller.cpython-312.pyc
[1.086s] byte-compiling /home/srikrishna/motion_planning_project/ros2_ws/install/controls_pkg/lib/python3.12/site-packages/controls_pkg/__init__.py to __init__.cpython-312.pyc
[1.086s] byte-compiling /home/srikrishna/motion_planning_project/ros2_ws/install/controls_pkg/lib/python3.12/site-packages/controls_pkg/path_publisher.py to path_publisher.cpython-312.pyc
[1.086s] byte-compiling /home/srikrishna/motion_planning_project/ros2_ws/install/controls_pkg/lib/python3.12/site-packages/controls_pkg/stanley_controller.py to stanley_controller.cpython-312.pyc
[1.087s] running install_data
[1.087s] creating /home/srikrishna/motion_planning_project/ros2_ws/install/controls_pkg/share/ament_index
[1.087s] creating /home/srikrishna/motion_planning_project/ros2_ws/install/controls_pkg/share/ament_index/resource_index
[1.087s] creating /home/srikrishna/motion_planning_project/ros2_ws/install/controls_pkg/share/ament_index/resource_index/packages
[1.087s] copying resource/controls_pkg -> /home/srikrishna/motion_planning_project/ros2_ws/install/controls_pkg/share/ament_index/resource_index/packages
[1.087s] copying package.xml -> /home/srikrishna/motion_planning_project/ros2_ws/install/controls_pkg/share/controls_pkg
[1.087s] running install_egg_info
[1.098s] Copying ../../build/controls_pkg/controls_pkg.egg-info to /home/srikrishna/motion_planning_project/ros2_ws/install/controls_pkg/lib/python3.12/site-packages/controls_pkg-0.0.0-py3.12.egg-info
[1.099s] running install_scripts
[1.169s] Installing path_publisher script to /home/srikrishna/motion_planning_project/ros2_ws/install/controls_pkg/lib/controls_pkg
[1.170s] Installing pid_controller script to /home/srikrishna/motion_planning_project/ros2_ws/install/controls_pkg/lib/controls_pkg
[1.170s] Installing pure_pursuit_controller script to /home/srikrishna/motion_planning_project/ros2_ws/install/controls_pkg/lib/controls_pkg
[1.170s] Installing stanley_controller script to /home/srikrishna/motion_planning_project/ros2_ws/install/controls_pkg/lib/controls_pkg
[1.170s] writing list of installed files to '/home/srikrishna/motion_planning_project/ros2_ws/build/controls_pkg/install.log'
[1.186s] Invoked command in '/home/srikrishna/motion_planning_project/ros2_ws/src/controls_pkg' returned '0': DEBUGINFOD_URLS=https://debuginfod.ubuntu.com PYTHONPATH=/home/srikrishna/motion_planning_project/ros2_ws/build/controls_pkg/prefix_override:/usr/lib/python3/dist-packages/colcon_core/task/python/colcon_distutils_commands:/home/srikrishna/motion_planning_project/ros2_ws/install/controls_pkg/lib/python3.12/site-packages:${PYTHONPATH} /usr/bin/python3 -W ignore:setup.py install is deprecated -W ignore:easy_install command is deprecated setup.py egg_info --egg-base ../../build/controls_pkg build --build-base /home/srikrishna/motion_planning_project/ros2_ws/build/controls_pkg/build install --record /home/srikrishna/motion_planning_project/ros2_ws/build/controls_pkg/install.log --install-scripts $base/lib/controls_pkg --single-version-externally-managed install_data
