running egg_info
writing ../../build/controls_pkg/controls_pkg.egg-info/PKG-INFO
writing dependency_links to ../../build/controls_pkg/controls_pkg.egg-info/dependency_links.txt
writing entry points to ../../build/controls_pkg/controls_pkg.egg-info/entry_points.txt
writing requirements to ../../build/controls_pkg/controls_pkg.egg-info/requires.txt
writing top-level names to ../../build/controls_pkg/controls_pkg.egg-info/top_level.txt
reading manifest file '../../build/controls_pkg/controls_pkg.egg-info/SOURCES.txt'
writing manifest file '../../build/controls_pkg/controls_pkg.egg-info/SOURCES.txt'
running build
running build_py
copying controls_pkg/mpc.py -> /home/srikrishna/motion_planning_project/ros2_ws/build/controls_pkg/build/lib/controls_pkg
running install
running install_lib
copying /home/srikrishna/motion_planning_project/ros2_ws/build/controls_pkg/build/lib/controls_pkg/mpc.py -> /home/srikrishna/motion_planning_project/ros2_ws/install/controls_pkg/lib/python3.12/site-packages/controls_pkg
byte-compiling /home/srikrishna/motion_planning_project/ros2_ws/install/controls_pkg/lib/python3.12/site-packages/controls_pkg/mpc.py to mpc.cpython-312.pyc
running install_data
running install_egg_info
removing '/home/srikrishna/motion_planning_project/ros2_ws/install/controls_pkg/lib/python3.12/site-packages/controls_pkg-0.0.0-py3.12.egg-info' (and everything under it)
Copying ../../build/controls_pkg/controls_pkg.egg-info to /home/srikrishna/motion_planning_project/ros2_ws/install/controls_pkg/lib/python3.12/site-packages/controls_pkg-0.0.0-py3.12.egg-info
running install_scripts
Installing mpc script to /home/srikrishna/motion_planning_project/ros2_ws/install/controls_pkg/lib/controls_pkg
Installing path_error_logger script to /home/srikrishna/motion_planning_project/ros2_ws/install/controls_pkg/lib/controls_pkg
Installing path_publisher script to /home/srikrishna/motion_planning_project/ros2_ws/install/controls_pkg/lib/controls_pkg
Installing pid_controller script to /home/srikrishna/motion_planning_project/ros2_ws/install/controls_pkg/lib/controls_pkg
Installing pure_pursuit_controller script to /home/srikrishna/motion_planning_project/ros2_ws/install/controls_pkg/lib/controls_pkg
Installing rl_controller script to /home/srikrishna/motion_planning_project/ros2_ws/install/controls_pkg/lib/controls_pkg
Installing stanley_controller script to /home/srikrishna/motion_planning_project/ros2_ws/install/controls_pkg/lib/controls_pkg
writing list of installed files to '/home/srikrishna/motion_planning_project/ros2_ws/build/controls_pkg/install.log'
