[0.507s] Invoking command in '/home/srikrishna/motion_planning_project/ros2_ws/src/controls_pkg': DEBUGINFOD_URLS=https://debuginfod.ubuntu.com PYTHONPATH=/home/srikrishna/motion_planning_project/ros2_ws/src/build/controls_pkg/prefix_override:/usr/lib/python3/dist-packages/colcon_core/task/python/colcon_distutils_commands:/home/srikrishna/motion_planning_project/ros2_ws/src/install/controls_pkg/lib/python3.12/site-packages:${PYTHONPATH} /usr/bin/python3 -W ignore:setup.py install is deprecated -W ignore:easy_install command is deprecated setup.py egg_info --egg-base ../build/controls_pkg build --build-base /home/srikrishna/motion_planning_project/ros2_ws/src/build/controls_pkg/build install --record /home/srikrishna/motion_planning_project/ros2_ws/src/build/controls_pkg/install.log --install-scripts $base/lib/controls_pkg --single-version-externally-managed install_data
[0.669s] running egg_info
[0.679s] writing ../build/controls_pkg/controls_pkg.egg-info/PKG-INFO
[0.679s] writing dependency_links to ../build/controls_pkg/controls_pkg.egg-info/dependency_links.txt
[0.680s] writing entry points to ../build/controls_pkg/controls_pkg.egg-info/entry_points.txt
[0.680s] writing requirements to ../build/controls_pkg/controls_pkg.egg-info/requires.txt
[0.680s] writing top-level names to ../build/controls_pkg/controls_pkg.egg-info/top_level.txt
[0.702s] reading manifest file '../build/controls_pkg/controls_pkg.egg-info/SOURCES.txt'
[0.703s] writing manifest file '../build/controls_pkg/controls_pkg.egg-info/SOURCES.txt'
[0.703s] running build
[0.703s] running build_py
[0.703s] copying controls_pkg/run_experiment.py -> /home/srikrishna/motion_planning_project/ros2_ws/src/build/controls_pkg/build/lib/controls_pkg
[0.704s] copying controls_pkg/p_controller.py -> /home/srikrishna/motion_planning_project/ros2_ws/src/build/controls_pkg/build/lib/controls_pkg
[0.704s] running install
[0.707s] running install_lib
[0.719s] copying /home/srikrishna/motion_planning_project/ros2_ws/src/build/controls_pkg/build/lib/controls_pkg/run_experiment.py -> /home/srikrishna/motion_planning_project/ros2_ws/src/install/controls_pkg/lib/python3.12/site-packages/controls_pkg
[0.719s] copying /home/srikrishna/motion_planning_project/ros2_ws/src/build/controls_pkg/build/lib/controls_pkg/p_controller.py -> /home/srikrishna/motion_planning_project/ros2_ws/src/install/controls_pkg/lib/python3.12/site-packages/controls_pkg
[0.720s] byte-compiling /home/srikrishna/motion_planning_project/ros2_ws/src/install/controls_pkg/lib/python3.12/site-packages/controls_pkg/run_experiment.py to run_experiment.cpython-312.pyc
[0.720s] byte-compiling /home/srikrishna/motion_planning_project/ros2_ws/src/install/controls_pkg/lib/python3.12/site-packages/controls_pkg/p_controller.py to p_controller.cpython-312.pyc
[0.721s] running install_data
[0.721s] running install_egg_info
[0.734s] removing '/home/srikrishna/motion_planning_project/ros2_ws/src/install/controls_pkg/lib/python3.12/site-packages/controls_pkg-0.0.0-py3.12.egg-info' (and everything under it)
[0.734s] Copying ../build/controls_pkg/controls_pkg.egg-info to /home/srikrishna/motion_planning_project/ros2_ws/src/install/controls_pkg/lib/python3.12/site-packages/controls_pkg-0.0.0-py3.12.egg-info
[0.735s] running install_scripts
[0.810s] Installing mpc script to /home/srikrishna/motion_planning_project/ros2_ws/src/install/controls_pkg/lib/controls_pkg
[0.810s] Installing p_controller script to /home/srikrishna/motion_planning_project/ros2_ws/src/install/controls_pkg/lib/controls_pkg
[0.810s] Installing path_error_logger script to /home/srikrishna/motion_planning_project/ros2_ws/src/install/controls_pkg/lib/controls_pkg
[0.810s] Installing path_publisher script to /home/srikrishna/motion_planning_project/ros2_ws/src/install/controls_pkg/lib/controls_pkg
[0.811s] Installing pure_pursuit_controller script to /home/srikrishna/motion_planning_project/ros2_ws/src/install/controls_pkg/lib/controls_pkg
[0.811s] Installing rl_controller script to /home/srikrishna/motion_planning_project/ros2_ws/src/install/controls_pkg/lib/controls_pkg
[0.811s] Installing stanley_controller script to /home/srikrishna/motion_planning_project/ros2_ws/src/install/controls_pkg/lib/controls_pkg
[0.811s] writing list of installed files to '/home/srikrishna/motion_planning_project/ros2_ws/src/build/controls_pkg/install.log'
[0.830s] Invoked command in '/home/srikrishna/motion_planning_project/ros2_ws/src/controls_pkg' returned '0': DEBUGINFOD_URLS=https://debuginfod.ubuntu.com PYTHONPATH=/home/srikrishna/motion_planning_project/ros2_ws/src/build/controls_pkg/prefix_override:/usr/lib/python3/dist-packages/colcon_core/task/python/colcon_distutils_commands:/home/srikrishna/motion_planning_project/ros2_ws/src/install/controls_pkg/lib/python3.12/site-packages:${PYTHONPATH} /usr/bin/python3 -W ignore:setup.py install is deprecated -W ignore:easy_install command is deprecated setup.py egg_info --egg-base ../build/controls_pkg build --build-base /home/srikrishna/motion_planning_project/ros2_ws/src/build/controls_pkg/build install --record /home/srikrishna/motion_planning_project/ros2_ws/src/build/controls_pkg/install.log --install-scripts $base/lib/controls_pkg --single-version-externally-managed install_data
